[www.bigrentz.com/blog/construction-trends.html]
[backblue.gif]
[fade.gif]
[index.html]
[www.bigrentz.com/wp-content/plugins/rocket-lazy-load/assets/img/youtube.png]
[acropolis-wp-content-uploads.s3.us-west-1.amazonaws.com/wp-content/uploads/2015/03/02100317/brlogo-150x150.jpg]
[acropolis-wp-content-uploads.s3.us-west-1.amazonaws.com/wp-content/uploads/2015/03/02100317/brlogo.jpg]
[www.bigrentz.com/wp-content/themes/bigrentz-202119/assets/css/postc5ec.css]
[assets.sitescdn.net/answers/v1.5/answers.css]
[www.bigrentz.com/wp-content/themes/bigrentz-202119/assets/images/bigrentz-logo.png]
[assets.sitescdn.net/answers/v1.5/answers.min.js]
[www.bigrentz.com/blog/topic/construction.html]
[www.bigrentz.com/blog/project-closeout.html]
[acropolis-wp-content-uploads.s3.us-west-1.amazonaws.com/improved-worker-safety.jpg]
[www.bigrentz.com/blog/construction-wearables.html]
[www.bigrentz.com/blog/how-to-prevent-noise-pollution.html]
[www.bigrentz.com/blog/construction-robots.html]
[www.bigrentz.com/blog/3d-printed-homes.html]
[www.bigrentz.com/blog/augmented-reality-construction.html]
[www.bigrentz.com/blog/lean-construction.html]
[acropolis-wp-content-uploads.s3.us-west-1.amazonaws.com/construction-trends-smart-contracts.jpg]
[www.bigrentz.com/blog/blockchain-in-construction.html]
[acropolis-wp-content-uploads.s3.us-west-1.amazonaws.com/construction-trends-drones.jpg]
[www.bigrentz.com/blog/commercial-construction.html]
[www.bigrentz.com/blog/ai-construction.html]
[acropolis-wp-content-uploads.s3.us-west-1.amazonaws.com/construction-trends-ar.jpg]
[www.bigrentz.com/blog/building-automation.html]
[acropolis-wp-content-uploads.s3.us-west-1.amazonaws.com/construction-trends-bim.jpg]
[www.bigrentz.com/blog/what-is-bim.html]
[acropolis-wp-content-uploads.s3.us-west-1.amazonaws.com/construction-trends-labor-shortage.jpg]
[www.bigrentz.com/blog/women-in-stem-statistics.html]
[www.bigrentz.com/blog/women-construction.html]
[www.bigrentz.com/blog/trade-school-survey.html]
[www.bigrentz.com/blog/pandemic-trade-school-survey.html]
[acropolis-wp-content-uploads.s3.us-west-1.amazonaws.com/construction-trends-mobile-tech.jpg]
[acropolis-wp-content-uploads.s3.us-west-1.amazonaws.com/construction-trends-materials-cost.jpg]
[www.bigrentz.com/blog/construction-technology.html]
[acropolis-wp-content-uploads.s3.us-west-1.amazonaws.com/green-building.jpg]
[www.bigrentz.com/blog/sustainable-construction.html]
[www.bigrentz.com/blog/benefits-of-green-buildlings.html]
[acropolis-wp-content-uploads.s3.us-west-1.amazonaws.com/contruction-trends-modular.jpg]
[www.bigrentz.com/blog/modular-construction.html]
[acropolis-wp-content-uploads.s3.us-west-1.amazonaws.com/construction-trends-management-software.jpg]
[www.bigrentz.com/blog/what-is-an-rfi.html]
[acropolis-wp-content-uploads.s3.us-west-1.amazonaws.com/residential-construction.jpg]
[acropolis-wp-content-uploads.s3.us-west-1.amazonaws.com/smart-cities.jpg]
[www.bigrentz.com/blog/anatomy-of-a-smart-city.html]
[www.bigrentz.com/blog/most-innovative-megaprojects.html]
[www.bigrentz.com/blog/how-roller-coasters-built.html]
[www.bigrentz.com/blog/forklift-weight.html]
[www.bigrentz.com/blog/building-envelope.html]
[www.bigrentz.com/blog/forklift-capacity.html]
[www.bigrentz.com/blog/what-americans-built-pandemic.html]
[www.bigrentz.com/blog/bulldozer-types.html]
[www.bigrentz.com/blog/asphalt-milling.html]
[www.bigrentz.com/blog/how-to-build-underground-bunker.html]
[www.bigrentz.com/blog/mental-health-in-construction.html]
[www.bigrentz.com/blog/what-is-grading-in-construction.html]
[www.bigrentz.com/blog/topic/earthmoving.html]
[www.bigrentz.com/blog/bulldozer-vs-wheel-loader.html]
[www.bigrentz.com/blog/topic/dozer.html]
[www.bigrentz.com/blog/topic/equipment.html]
[www.bigrentz.com/blog/topic/wheel-loader.html]
[www.bigrentz.com/blog/pneumatic-tires.html]
[www.bigrentz.com/blog/topic/forklifts.html]
[www.bigrentz.com/blog/topic/air-compressor.html]
[www.bigrentz.com/blog/topic/backhoe.html]
[www.bigrentz.com/blog/topic/boom-lifts.html]
[www.bigrentz.com/blog/topic/compaction-equipment.html]
[www.bigrentz.com/blog/topic/cranes.html]
[www.bigrentz.com/blog/topic/dumpsters.html]
[www.bigrentz.com/blog/topic/excavator.html]
[www.bigrentz.com/blog/topic/diesel-generator.html]
[www.bigrentz.com/blog/topic/hvac.html]
[www.bigrentz.com/blog/topic/manlifts.html]
[www.bigrentz.com/blog/topic/mini-excavator.html]
[www.bigrentz.com/blog/topic/pallet-jack.html]
[www.bigrentz.com/blog/topic/porta-potty.html]
[www.bigrentz.com/blog/topic/scissor-lifts.html]
[www.bigrentz.com/blog/topic/skid-steer.html]
[www.bigrentz.com/blog/topic/skip-loaders.html]
[www.bigrentz.com/blog/topic/storage-container.html]
[www.bigrentz.com/blog/topic/telehandler.html]
[www.bigrentz.com/blog/topic/trenchers.html]
[acropolis-wp-content-uploads.s3.us-west-1.amazonaws.com/boom-lift-rental-guide-ebook.png]
[acropolis-wp-content-uploads.s3.us-west-1.amazonaws.com/forklift-rental-guide-ebook.png]
[acropolis-wp-content-uploads.s3.us-west-1.amazonaws.com/scissor-lift-rental-guide-ebook.png]
[acropolis-wp-content-uploads.s3.us-west-1.amazonaws.com/crane-rental-guide-ebook.png]
[acropolis-wp-content-uploads.s3.us-west-1.amazonaws.com/dumpster-rental-guide-ebook.png]
[www.bigrentz.com/wp-content/themes/bigrentz-202119/assets/images/bigrentz-logo-white.png]
[www.bigrentz.com/wp-content/plugins/rocket-lazy-load/assets/js/16.1/lazyload.min.js]
[www.bigrentz.com/wp-content/themes/bigrentz-202119/assets/js/scriptsc5ec.js]
[bat.bing.com/bat.js]
[www.bigrentz.com/blog/construction-trends.html]
[www.googletagmanager.com/gtm5445.html]
[www.bigrentz.com/wp-content/themes/bigrentz-202119/assets/css/postc5ec.css]
[assets.sitescdn.net/answers/v1.5/answers.css]
[www.bigrentz.com/wp-content/themes/bigrentz-202119/assets/css/tagc5ec.css]
[www.bigrentz.com/blog/backfill-trench.html]
[www.bigrentz.com/blog/dewatering.html]
[www.bigrentz.com/blog/asphalt-resurfacing.html]
[www.bigrentz.com/blog/building-construction-types.html]
[www.bigrentz.com/blog/what-is-trenching.html]
[www.bigrentz.com/blog/construction-risk-management.html]
[www.bigrentz.com/blog/earthquake-proof-buildings.html]
[acropolis-wp-content-uploads.s3.us-west-1.amazonaws.com/2019/02/Hero-Earthquake-Proof-Buildings.gif]
[www.bigrentz.com/blog/construct-buildings-wildfire-zones.html]
[www.bigrentz.com/blog/how-are-bridges-built.html]
[acropolis-wp-content-uploads.s3.us-west-1.amazonaws.com/2018/08/Bridges-Hero_v2-1024x768.png]
[www.bigrentz.com/blog/stormwater-bmp.html]
[www.bigrentz.com/blog/plaster-vs-drywall.html]
[www.bigrentz.com/blog/best-cities-for-construction-jobs.html]
[www.bigrentz.com/blog/mold-resistant-home.html]
[www.bigrentz.com/blog/retainage.html]
[www.bigrentz.com/blog/construction-podcasts.html]
[www.bigrentz.com/blog/construction-books.html]
[www.bigrentz.com/blog/futuristic-buildings.html]
[www.bigrentz.com/blog/mass-timber.html]
[www.bigrentz.com/blog/substantial-completion.html]
[www.bigrentz.com/blog/proctor-compaction-test-procedure-tools.html]
[www.bigrentz.com/blog/bird-safe-buildings.html]
[www.bigrentz.com/blog/architectural-acoustics.html]
[www.bigrentz.com/blog/concrete-block-types.html]
[www.bigrentz.com/blog/topic/construction/page/2.html]
[www.bigrentz.com/blog/topic/construction.html]
[www.bigrentz.com/blog/topic/construction/page/3.html]
[www.bigrentz.com/blog/topic/business.html]
[acropolis-wp-content-uploads.s3.us-west-1.amazonaws.com/01-Steps-to-Project-Closure@2x.png]
[www.bigrentz.com/blog/communication-in-construction.html]
[www.bigrentz.com/blog/construction-punch-list.html]
[www.bigrentz.com/blog/change-order.html]
[www.bigrentz.com/blog/construction-safety-plan.html]
[acropolis-wp-content-uploads.s3.us-west-1.amazonaws.com/02-Construction-Budget-Stat@2x.png]
[acropolis-wp-content-uploads.s3.us-west-1.amazonaws.com/03-Lost-Data-Stat@2x.png]
[www.bigrentz.com/blog/how-to-recruit-skilled-workers.html]
[acropolis-wp-content-uploads.s3.us-west-1.amazonaws.com/Project-Closure-Template-mockup-02.jpg]
[acropolis-wp-content-uploads.s3.us-west-1.amazonaws.com/Button-Download-Google-Docs-Template@2x.png]
[www.bigrentz.com/blog/types-of-generators.html]
[www.bigrentz.com/blog/amazon-warehouses-locations.html]
[www.bigrentz.com/blog/very-not-boring-history-plumbing.html]
[www.bigrentz.com/blog/podcasts-on-hard-work.html]
[www.bigrentz.com/blog/benefits-of-working-outdoors.html]
[www.bigrentz.com/blog/top-three-reasons-to-rent-vs-buy-heavy-equipment.html]
[www.bigrentz.com/blog/how-to-become-an-early-riser.html]
[www.bigrentz.com/blog/why-renting-is-a-better-option.html]
[www.bigrentz.com/blog/project-closeout.html]
[www.bigrentz.com/blog/best-jobs-returning-service-members.html]
[www.bigrentz.com/blog/topic/safety.html]
[www.bigrentz.com/blog/topic/technology.html]
[www.bigrentz.com/blog/construction-safety-statistics.html]
[www.bigrentz.com/blog/construction-site-safety.html]
[acropolis-wp-content-uploads.s3.us-west-1.amazonaws.com/01-smart-watch.gif]
[acropolis-wp-content-uploads.s3.us-west-1.amazonaws.com/02-smart-boots.gif]
[acropolis-wp-content-uploads.s3.us-west-1.amazonaws.com/03-hard-hat.gif]
[acropolis-wp-content-uploads.s3.us-west-1.amazonaws.com/04-AR-glasses.gif]
[acropolis-wp-content-uploads.s3.us-west-1.amazonaws.com/05-monitoring.gif]
[www.bigrentz.com/blog/construction-exoskeletons.html]
[acropolis-wp-content-uploads.s3.us-west-1.amazonaws.com/Wearable-Construction-Tech-Animated-Infographic-1000px.gif]
[www.bigrentz.com/blog/what-is-an-auger.html]
[www.bigrentz.com/blog/what-genset.html]
[www.bigrentz.com/blog/rebar-sizes.html]
[www.bigrentz.com/blog/construction-facts.html]
[www.bigrentz.com/blog/warehouse-layout.html]
[www.bigrentz.com/blog/forklift-hand-signals.html]
[www.bigrentz.com/blog/drones-construction.html]
[www.bigrentz.com/blog/superelevation.html]
[www.bigrentz.com/blog/construction-contracts.html]
[www.bigrentz.com/blog/construction-wearables.html]
[www.bigrentz.com/blog/components-disaster-recovery-plan.html]
[www.bigrentz.com/blog/topic/customer-support.html]
[www.bigrentz.com/blog/construction-noise.html]
[www.bigrentz.com/blog/underwater-construction.html]
[acropolis-wp-content-uploads.s3.us-west-1.amazonaws.com/01-Dangers-of-Noise-Pollution.png]
[www.bigrentz.com/blog/value-engineering-construction.html]
[acropolis-wp-content-uploads.s3.us-west-1.amazonaws.com/02-Sound-Absorbing-Materials.jpg]
[www.bigrentz.com/blog/10-common-safety-issues-in-warehouses.html]
[acropolis-wp-content-uploads.s3.us-west-1.amazonaws.com/03-How-to-Protect-Hearing-on-the-Job-Site.png]
[acropolis-wp-content-uploads.s3.us-west-1.amazonaws.com/Reducing-Construction-Noise-Pollution-Infographic.png]
[www.bigrentz.com/blog/how-to-level-a-yard.html]
[www.bigrentz.com/blog/what-scissor-lift-needed.html]
[www.bigrentz.com/blog/excavator-bucket-size-chart.html]
[www.bigrentz.com/blog/underground-cable-installation-tools.html]
[www.bigrentz.com/blog/how-to-prevent-noise-pollution.html]
[www.bigrentz.com/blog/construction-equipment-names.html]
[acropolis-wp-content-uploads.s3.us-west-1.amazonaws.com/industrial-robots.png]
[www.bigrentz.com/blog/space-construction.html]
[acropolis-wp-content-uploads.s3.us-west-1.amazonaws.com/drones-construction-robots.png]
[acropolis-wp-content-uploads.s3.us-west-1.amazonaws.com/self-driving-construction-vehicles.png]
[www.bigrentz.com/blog/autonomous-construction-vehicles.html]
[acropolis-wp-content-uploads.s3.us-west-1.amazonaws.com/humanoid-laborers-construction-robots.png]
[acropolis-wp-content-uploads.s3.us-west-1.amazonaws.com/BigRentz_ConstructionRobots_IG.png]
[www.bigrentz.com/blog/teaching-construction-with-minecraft.html]
[www.bigrentz.com/blog/backhoe-sizes.html]
[www.bigrentz.com/blog/aerial-lift-safety.html]
[www.bigrentz.com/blog/construction-robots.html]
[www.bigrentz.com/blog/3d-printed-homes.html]
[www.bigrentz.com/blog/augmented-reality-construction.html]
[www.bigrentz.com/blog/lean-construction.html]
[www.bigrentz.com/blog/blockchain-in-construction.html]
[www.bigrentz.com/blog/commercial-construction.html]
[www.bigrentz.com/blog/ai-construction.html]
[www.bigrentz.com/blog/building-automation.html]
[www.bigrentz.com/blog/what-is-bim.html]
[www.bigrentz.com/blog/women-in-stem-statistics.html]
[www.bigrentz.com/blog/women-construction.html]
[www.bigrentz.com/blog/trade-school-survey.html]
[www.bigrentz.com/blog/pandemic-trade-school-survey.html]
[www.bigrentz.com/blog/construction-technology.html]
[www.bigrentz.com/blog/sustainable-construction.html]
[www.bigrentz.com/blog/benefits-of-green-buildlings.html]
[www.bigrentz.com/blog/modular-construction.html]
[www.bigrentz.com/blog/what-is-an-rfi.html]
